CCS PCM C Compiler, Version 5.008, 5967               15-Jan-23 19:21

               Filename:   C:\Users\jarvis\Desktop\mpmc\github\gear-motor using PIC\program\gear-motor.lst

               ROM used:   83 words (1%)
                           Largest free fragment is 2048
               RAM used:   6 (2%) at main() level
                           7 (2%) worst case
               Stack used: 1 locations
               Stack size: 8

*
0000:  MOVLW  00
0001:  MOVWF  0A
0002:  GOTO   019
0003:  NOP
.................... #include <16F877A.h> 
.................... //////// Standard Header file for the PIC16F877A device //////////////// 
.................... #device PIC16F877A 
....................  
.................... #list 
....................  
.................... #device ADC=16 
....................  
.................... #FUSES NOWDT                    //No Watch Dog Timer 
.................... #FUSES PUT                      //Power Up Timer 
.................... #FUSES NOBROWNOUT               //No brownout reset 
.................... #FUSES NOLVP                    //No low voltage prgming, B3(PIC16) or B5(PIC18) used for I/O 
....................  
.................... #use delay(crystal=4MHz) 
0004:  MOVLW  21
0005:  MOVWF  04
0006:  BCF    03.7
0007:  MOVF   00,W
0008:  BTFSC  03.2
0009:  GOTO   018
000A:  MOVLW  01
000B:  MOVWF  78
000C:  CLRF   77
000D:  DECFSZ 77,F
000E:  GOTO   00D
000F:  DECFSZ 78,F
0010:  GOTO   00C
0011:  MOVLW  4A
0012:  MOVWF  77
0013:  DECFSZ 77,F
0014:  GOTO   013
0015:  GOTO   016
0016:  DECFSZ 00,F
0017:  GOTO   00A
0018:  RETURN
....................  
.................... void main() 
0019:  MOVF   03,W
001A:  ANDLW  1F
001B:  MOVWF  03
001C:  MOVLW  FF
001D:  MOVWF  20
001E:  BSF    03.5
001F:  BSF    1F.0
0020:  BSF    1F.1
0021:  BSF    1F.2
0022:  BCF    1F.3
0023:  MOVLW  07
0024:  MOVWF  1C
0025:  BCF    03.7
.................... { 
....................    port_b_pullups(1); 
0026:  BCF    01.7
....................    while(TRUE) 
....................    { 
....................    if(!input(pin_b0)){ 
0027:  BSF    06.0
0028:  BCF    03.5
0029:  BTFSC  06.0
002A:  GOTO   03E
....................      { output_high(pin_c0); //forward 
002B:  BCF    20.0
002C:  MOVF   20,W
002D:  BSF    03.5
002E:  MOVWF  07
002F:  BCF    03.5
0030:  BSF    07.0
....................       delay_ms(100); 
0031:  MOVLW  64
0032:  MOVWF  21
0033:  CALL   004
....................      output_low(pin_c1);  
0034:  BCF    20.1
0035:  MOVF   20,W
0036:  BSF    03.5
0037:  MOVWF  07
0038:  BCF    03.5
0039:  BCF    07.1
....................       delay_ms(200);} 
003A:  MOVLW  C8
003B:  MOVWF  21
003C:  CALL   004
....................    } 
003D:  GOTO   050
....................       else{ 
....................       output_low(pin_c0); //backward 
003E:  BCF    20.0
003F:  MOVF   20,W
0040:  BSF    03.5
0041:  MOVWF  07
0042:  BCF    03.5
0043:  BCF    07.0
....................       delay_ms(100); 
0044:  MOVLW  64
0045:  MOVWF  21
0046:  CALL   004
....................      output_high(pin_c1);  
0047:  BCF    20.1
0048:  MOVF   20,W
0049:  BSF    03.5
004A:  MOVWF  07
004B:  BCF    03.5
004C:  BSF    07.1
....................       delay_ms(200);} 
004D:  MOVLW  C8
004E:  MOVWF  21
004F:  CALL   004
0050:  BSF    03.5
0051:  GOTO   027
....................        
....................    } 
....................     
....................  
.................... } 
0052:  SLEEP

Configuration Fuses:
   Word  1: 3F31   XT NOWDT PUT NOBROWNOUT NOLVP NOCPD NOWRT NODEBUG NOPROTECT
