CCS PCM C Compiler, Version 5.008, 5967               17-Jan-23 20:55

               Filename:   C:\Users\jarvis\Desktop\mpmc\github\digital pulse and square wave generator using pic16f877a\program\generator.lst

               ROM used:   115 words (1%)
                           Largest free fragment is 2048
               RAM used:   10 (3%) at main() level
                           11 (3%) worst case
               Stack used: 1 locations
               Stack size: 8

*
0000:  MOVLW  00
0001:  MOVWF  0A
0002:  GOTO   01B
0003:  NOP
.................... #include <16F877A.h> 
.................... //////// Standard Header file for the PIC16F877A device //////////////// 
.................... #device PIC16F877A 
....................  
.................... #list 
....................  
.................... #device ADC=10 
....................  
.................... #FUSES NOWDT                    //No Watch Dog Timer 
.................... #FUSES PUT                      //Power Up Timer 
.................... #FUSES NOBROWNOUT               //No brownout reset 
.................... #FUSES NOLVP                    //No low voltage prgming, B3(PIC16) or B5(PIC18) used for I/O 
....................  
.................... #use delay(crystal=4MHz) 
0004:  MOVLW  25
0005:  MOVWF  04
0006:  BCF    03.7
0007:  MOVF   00,W
0008:  BTFSC  03.2
0009:  GOTO   018
000A:  MOVLW  01
000B:  MOVWF  78
000C:  CLRF   77
000D:  DECFSZ 77,F
000E:  GOTO   00D
000F:  DECFSZ 78,F
0010:  GOTO   00C
0011:  MOVLW  4A
0012:  MOVWF  77
0013:  DECFSZ 77,F
0014:  GOTO   013
0015:  GOTO   016
0016:  DECFSZ 00,F
0017:  GOTO   00A
0018:  BCF    0A.3
0019:  BCF    0A.4
001A:  GOTO   06F (RETURN)
....................  
.................... void main() 
001B:  MOVF   03,W
001C:  ANDLW  1F
001D:  MOVWF  03
001E:  MOVLW  FF
001F:  MOVWF  20
0020:  BSF    03.5
0021:  BSF    1F.0
0022:  BSF    1F.1
0023:  BSF    1F.2
0024:  BCF    1F.3
0025:  MOVLW  07
0026:  MOVWF  1C
0027:  BCF    03.7
0028:  BCF    03.5
0029:  CLRF   21
002A:  CLRF   23
002B:  CLRF   22
.................... { 
....................    int done=0; 
....................    long int end=0; 
....................    setup_adc_ports(AN0); 
002C:  BSF    03.5
002D:  BCF    1F.0
002E:  BSF    1F.1
002F:  BSF    1F.2
0030:  BSF    1F.3
....................    setup_adc(ADC_CLOCK_INTERNAL); 
0031:  BCF    1F.6
0032:  BCF    03.5
0033:  BSF    1F.6
0034:  BSF    1F.7
0035:  BSF    03.5
0036:  BSF    1F.7
0037:  BCF    03.5
0038:  BSF    1F.0
....................    setup_ccp2(CCP_PWM); 
0039:  BCF    20.1
003A:  MOVF   20,W
003B:  BSF    03.5
003C:  MOVWF  07
003D:  BCF    03.5
003E:  BCF    07.1
003F:  MOVLW  0C
0040:  MOVWF  1D
....................    while(TRUE) 
....................     
....................    { 
....................     set_adc_channel(0); //channel set 
0041:  MOVLW  00
0042:  MOVWF  78
0043:  MOVF   1F,W
0044:  ANDLW  C7
0045:  IORWF  78,W
0046:  MOVWF  1F
....................     while(!done)  //start of conversion 
0047:  MOVF   21,F
0048:  BTFSS  03.2
0049:  GOTO   04E
....................     { 
....................     done= adc_done(); 
004A:  CLRF   21
004B:  BTFSS  1F.2
004C:  INCF   21,F
004D:  GOTO   047
....................     } 
....................     end =  read_adc(); // end of coversion 
004E:  BSF    1F.2
004F:  BTFSC  1F.2
0050:  GOTO   04F
0051:  BSF    03.5
0052:  MOVF   1E,W
0053:  BCF    03.5
0054:  MOVWF  22
0055:  MOVF   1E,W
0056:  MOVWF  23
....................  
....................        set_pwm2_duty(end); 
0057:  MOVF   23,W
0058:  MOVWF  79
0059:  MOVF   22,W
005A:  MOVWF  78
005B:  RRF    79,F
005C:  RRF    78,F
005D:  RRF    79,F
005E:  RRF    78,F
005F:  RRF    79,F
0060:  MOVF   78,W
0061:  MOVWF  1B
0062:  RRF    79,F
0063:  RRF    79,W
0064:  ANDLW  30
0065:  MOVWF  77
0066:  MOVF   1D,W
0067:  ANDLW  CF
0068:  IORWF  77,W
0069:  MOVWF  1D
....................        delay_ms(500);  
006A:  MOVLW  02
006B:  MOVWF  24
006C:  MOVLW  FA
006D:  MOVWF  25
006E:  GOTO   004
006F:  DECFSZ 24,F
0070:  GOTO   06C
0071:  GOTO   041
....................    } 
....................  
.................... } 
....................  
0072:  SLEEP
....................  
....................  

Configuration Fuses:
   Word  1: 3F31   XT NOWDT PUT NOBROWNOUT NOLVP NOCPD NOWRT NODEBUG NOPROTECT
